[farmrioquizz.site/quizz/index.html]
[cdn.utmify.com.br/scripts/utms/latest.js]
[connect.facebook.net/en_US/fbevents.js]
[farmrioquizz.site/quizz/css/bootstrap.min.css]
[farmrioquizz.site/quizz/css/style.css]
[farmrioquizz.site/quizz/css/all.min.css]
[farmrioquizz.site/quizz/js/jquery-3.7.1.min.js]
[farmrioquizz.site/quizz/favicon.ico]
[backblue.gif]
[fade.gif]
[index.html]
[farmrioquizz.site/quizz/js/bootstrap.bundle.min.js]
[farmrioquizz.site/quizz/images/logo-farm-rio-vertical-1024.png]
[farmrioquizz.site/quizz/images/i1.png]
[farmrioquizz.site/quizz/images/farmrio-image1.png]
[farmrioquizz.site/quizz/images/farmrio-image2.png]
[farmrioquizz.site/quizz/images/farmrio-image3.png]
[farmrioquizz.site/quizz/images/farmrio-image4.png]
[farmrioquizz.site/quizz/images/presente.png]
[farmrioquizz.site/quizz/js/hideAllExcept.js]
[farmrioquizz.site/quizz/js/selectedCard.js]
[farmrioquizz.site/quizz/js/selectedResponse.js]
[farmrioquizz.site/quizz/js/buttonCheck.js]
[farmrioquizz.site/quizz/js/popup.js]
[farmrioquizz.site/quizz/js/sendResponse.js]
[farmrioquizz.site/quizz/index.html]
[farmrioquizz.site/quizz/js/crypto-js.min.js]
[farmrioquizz.site/quizz/a]
[farmrioquizz.site/quizz/POST]
[farmrioquizz.site/quizz/b.resolvedLink]
[farmrioquizz.site/quizz/schema.org/index.html]
[farmrioquizz.site/signals/iwl.js]
[connect.facebook.net/en_US/fbevents.js]
[farmrioquizz.site/quizz/css/bootstrap.min.css]
[farmrioquizz.site/quizz/css/assets/images/bg__header--mob.png]
[farmrioquizz.site/quizz/css/style.css]
[farmrioquizz.site/quizz/fonts/fa-brands-400.woff2]
[farmrioquizz.site/quizz/fonts/fa-brands-400.ttf]
[farmrioquizz.site/quizz/fonts/fa-regular-400.woff2]
[farmrioquizz.site/quizz/fonts/fa-regular-400.ttf]
[farmrioquizz.site/quizz/fonts/fa-solid-900.woff2]
[farmrioquizz.site/quizz/fonts/fa-solid-900.ttf]
[farmrioquizz.site/quizz/fonts/fa-v4compatibility.woff2]
[farmrioquizz.site/quizz/fonts/fa-v4compatibility.ttf]
[farmrioquizz.site/quizz/css/all.min.css]
[farmrioquizz.site/quizz/js/jquery-3.7.1.min.js]
[farmrioquizz.site/quizz/js/bootstrap.bundle.min.js]
[farmrioquizz.site/quizz/js/hideAllExcept.js]
[farmrioquizz.site/quizz/js/selectedCard.js]
[farmrioquizz.site/quizz/js/selectedResponse.js]
[farmrioquizz.site/quizz/js/buttonCheck.js]
[farmrioquizz.site/quizz/js/popup.js]
[farmrioquizz.site/quizz/assets/check.mp3]
[farmrioquizz.site/quizz/js/sendResponse.js]
[farmrioquizz.site/quizz/js/crypto-js.min.js]
[farmrioquizz.site/quizz/a.html]
[farmrioquizz.site/quizz/POST.html]
[farmrioquizz.site/quizz/schema.org/index.html]
[farmrioquizz.site/quizz/b.html]
[farmrioquizz.site/signals/iwl.html]
[farmrioquizz.site/quizz/css/assets/images/bg__header--mob.html]
[farmrioquizz.site/quizz/assets/check.html]
